# serializer version: 1
# name: test_help
  '''
  Usage: music [OPTIONS] COMMAND [ARGS]...
  
    Tasks for publishing my music.
  
  Options:
    --help  Show this message and exit.
  
  Commands:
    codegen  Generate code for this package.
    export   Export the given FILES to the given DST_DIR directory.
    open     Show the folder containing the current project.
    render   Render vocal, instrumental, etc versions of projects.
    stat     Print statistics for the given audio files or project renders.
    tag      Encode FILE to .mp3 and tag with artist, etc metadata.
    upload   Upload PROJECT_DIRS renders.
  
  '''
# ---
